---
source: src/ui.rs
expression: snapshot_text(&backend)
---
› Codex      7d Q ━━━━━━──  71%
             7d T ────────   1%
  1 secondary limit hidden · s Show
  Claude     5h Q ━━━━━───  63%  7d Q ━━━━━━━─  82%
             5h T ━━━─────  40%  7d T ────────   1%


  ↑↓ Move · Enter Details · d Discover · m View · r Refresh · ? · q
