---
source: src/ui.rs
expression: snapshot_text(&backend)
---
‹ Codex  Updated just now
  2 secondary limits shown · s Hide
  Codex · 7 days                 Quota ━━━━━━━━━━━━─────  71%  Resets in 1 hour
                                 Time  ─────────────────   1%
    Last 1 second  71% · flat · 2 samples
  GPT-5.3-Codex-Spark · 5 hours  Quota ━━━━━━━━━────────  52%  Resets in 1 hour
                                 Time  ━━━━━━━──────────  40%
    Last 1 second  52% · flat · 2 samples
  GPT-5.3-Codex-Spark · 7 days   Quota ━━━━━━───────────  33%  Resets in 1 hour
                                 Time  ─────────────────   1%
    Last 1 second  33% · flat · 2 samples
  Esc Back · d Discover · m View · r Refresh · ? Help · q Quit
