---
source: src/ui.rs
expression: snapshot_text(&backend)
---
‹ Codex  刚 刚 更 新
  普 通  Codex · 7 天              ━━━━━━━━━━━━──────  71%  1 小 时 后 重 置
    近  1 秒   71% · 持 平  · 2 个 样 本
  GPT-5.3-Codex-Spark · 5 小 时   ━━━━━━━━━─────────  52%  1 小 时 后 重 置
    近  1 秒   52% · 持 平  · 2 个 样 本
  GPT-5.3-Codex-Spark · 7 天     ━━━━━─────────────  33%  1 小 时 后 重 置
    近  1 秒   33% · 持 平  · 2 个 样 本
  Esc 返 回  · r 刷 新  · q 退 出
