---
source: src/ui.rs
expression: snapshot_text(&backend)
---
‹ Codex  Updated just now
  Codex · 7 days                 ━━──  71%  Resets in 1 hour
    Collecting history
  GPT-5.3-Codex-Spark · 5 hours  ━━──  52%  Resets in 1 hour
    Collecting history
  GPT-5.3-Codex-Spark · 7 days   ━───  33%  Resets in 1 hour
    Collecting history
  Esc Back · r Refresh · t Rainbow · l EN · q Quit
