---
source: src/ui.rs
expression: snapshot_text(&backend)
---
‹ Codex  Updated just now
  2 secondary limits shown · s Hide
  Codex · 7 days                 Quota ━━━━━━━━━━━────  71%
                                 Time  ───────────────   1%
  GPT-5.3-Codex-Spark · 5 hours  Quota ━━━━━━━━───────  52%
                                 Time  ━━━━━━─────────  40%
  GPT-5.3-Codex-Spark · 7 days   Quota ━━━━━──────────  33%
                                 Time  ───────────────   1%
  Esc Back · m View · r Refresh · ? Help · q Quit
