---
source: src/ui.rs
expression: snapshot_text(&backend)
---
‹ Codex  刚 刚 更 新
  普 通  Codex · 7 天              ━━━━━━━━━━━━──────  68%  1 小 时 后 重 置
    近  2 秒   ⠑⠒⠒⠒⠒⠒⠒⠒⠤⠤⠤⠤⣀⣀⣀⣀  71% → 68% · −3%
  GPT-5.3-Codex-Spark · 5 小 时   ━━━━━━━━──────────  49%  1 小 时 后 重 置
    近  2 秒   ⠑⠒⠒⠒⠤⠤⠤⠤⣀⣀⣀⣀⣀⣀⣀⣀  52% → 49% · −3%
  GPT-5.3-Codex-Spark · 7 天     ━━━━━─────────────  31%  1 小 时 后 重 置
    近  2 秒   ⠡⠤⠤⠤⠤⠤⠤⠤⣀⣀⣀⣀⣀⣀⣀⣀  33% → 31% · −2%
  Esc 返 回  · r 刷 新  · q 退 出
